##########
#..F..C..#
#.F.FC.C.#
#F......C#
#.F.FC.C.#
#..F..C..#
##########
