#######
#..F..#
#..F..#
#..F..#
#..C..#
#..C..#
#######
